// Jest Snapshot v1, https://goo.gl/fbAQLP

exports[`CallToActionContent renders properly 1`] = `"<section class=\\"container call-to-action-content\\"><the-title-stub label=\\"Call to Action\\" islight=\\"true\\"></the-title-stub> <h3>Main Hero Message to sell yourself!</h3> <button>Action!</button></section>"`;
