// Jest Snapshot v1, https://goo.gl/fbAQLP

exports[`Features renders properly 1`] = `"<section class=\\"features\\"><div class=\\"container\\"><the-title-stub label=\\"Features\\"></the-title-stub> <feature-stub headline=\\"Lorem ipsum dolor sit amet\\" content=\\"Lorem ipsum dolor sit amet, consectetur adipiscing elit. Aliquam at ipsum eu nunc commodo posuere et sit amet ligula.\\" isleft=\\"true\\"><img src=\\"~assets/img/travel-booking.svg\\" alt=\\"\\"></feature-stub> <feature-stub headline=\\"Lorem ipsum dolor sit amet\\" content=\\"Lorem ipsum dolor sit amet, consectetur adipiscing elit. Aliquam at ipsum eu nunc commodo posuere et sit amet ligula.\\"><img src=\\"~assets/img/connected-world.svg\\" alt=\\"\\"></feature-stub></div></section>"`;
