// Jest Snapshot v1, https://goo.gl/fbAQLP

exports[`HeroContent renders properly 1`] = `"<div class=\\"hero-content\\"><div class=\\"container\\"><div class=\\"hero-content-content\\"><p class=\\"leading\\">What business are you?</p> <h1>Main Hero Message to sell yourself!</h1> <p class=\\"sub-leading\\">Sub-hero message, not too long and not too short. Make it just right!</p> <button>Subscribe</button></div> <div class=\\"hero-content-image\\"><img src=\\"~/assets/img/hero.png\\" alt=\\"\\"></div></div></div>"`;
