// Jest Snapshot v1, https://goo.gl/fbAQLP

exports[`Prices renders properly 1`] = `"<section class=\\"prices\\"><div class=\\"container\\"><the-title-stub label=\\"Pricing\\"></the-title-stub> <div class=\\"prices-row\\"><price-card-stub name=\\"Free\\" price=\\"£0\\" pricelabel=\\"for one user\\" features=\\"Thing,Thing,Thing\\"></price-card-stub> <price-card-stub highlighted=\\"true\\" name=\\"Basic\\" price=\\"x.99\\" pricelabel=\\"/ per user\\" features=\\"Thing,Thing,Thing,Thing\\"></price-card-stub> <price-card-stub name=\\"Pro\\" price=\\"£xx.99\\" pricelabel=\\"/ per user\\" features=\\"Thing,Thing,Thing,Thing,Thing\\"></price-card-stub></div></div></section>"`;
