// Jest Snapshot v1, https://goo.gl/fbAQLP

exports[`Teasers renders properly 1`] = `"<section class=\\"teasers\\"><div class=\\"container\\"><the-title-stub label=\\"Teaser\\"></the-title-stub> <div class=\\"teaser-row\\"><teaser-card-stub action=\\"Action\\"></teaser-card-stub> <teaser-card-stub action=\\"Action\\"></teaser-card-stub> <teaser-card-stub action=\\"Action\\"></teaser-card-stub></div></div></section>"`;
